client,available,held,total,locked
1,0.5,0.0000,0.5,false
2,1.995,0.0000,1.995,false
3,0,0,0,true
4,6,0,6,false
