client,available,held,total,locked
65535,47257.323,496.9933,47754.3163,true
